<html>
<body>
<pre>
<h1>µVision Build Log</h1>
<h2>Project:</h2>
C:\users\eugeniolr\Documents\repos\InformaticaIndustrial-GIEAI\Practica3\Practica.uvproj
Project File Date:  03/22/2026

<h2>Output:</h2>
Rebuild target 'Target 1'
compiling system_LPC17xx.c...
assembling startup_LPC17xx.s...
compiling main.c...
compiling es_primo.c...
compiling manejar_GPIO.c...
compiling operaciones_bits.c...
compiling delay.c...
delay.c(10): warning:  #1-D: last line of file ends without a newline
  }
delay.c: 1 warning, 0 errors
linking...
Program Size: Code=2328 RO-data=236 RW-data=4 ZI-data=612  
".\Practica.axf" - 0 Error(s), 1 Warning(s).
